error: proc macro panicked
  --> $DIR/scalar_with_built_in_name.rs:4:1
   |
4  | / juniper_from_schema::graphql_schema! {
5  | |     schema {
6  | |       query: Query
7  | |     }
...  |
15 | |     scalar String
16 | | }
   | |_^
   |
   = help: message:

           error: You cannot declare scalars with names matching a built-in
            --> schema:3:1
             |
           3 |    scalar String
             |    ^

           aborting due to previous error

error[E0405]: cannot find trait `QueryFields` in this scope
  --> $DIR/scalar_with_built_in_name.rs:20:6
   |
20 | impl QueryFields for Query {
   |      ^^^^^^^^^^^ not found in this scope
